>>> add_integer = __import__('0-add_integer').add_integer

Integer addition

>>> add_integer(1, 2)
3

>>> add_integer(7, 5)
12

>>> add_integer(-6, 4)
-2

>>> add_integer(10.6, 5.2)
15

Passing in a non-int as passable argument

>>> add_integer()
Traceback (most recent call last):
    ...
TypeError: add_integer() missing 1 required positional argument: 'a'

>>> add_integer("Hello", 5)
Traceback (most recent call last):
    ...
TypeError: a must be an integer

>>> add_integer(None, 15)
Traceback (most recent call last):
    ...
TypeError: a must be an integer

>>> add_integer(5)
103

Converting float infinity to int

>>> add_integer(1.8e+308, 1)
Traceback (most recent call last):
    ...
OverflowError: cannot convert float infinity to integer

Passing in None to argument
>>> add_integer(None, 5)