>>> matrix_divided = __import__('2-matrix_divided').matrix_divided

>>> matrix = [[1, 2, 3], [4, 5, 6]]

Regular test

>>> matrix_divided(matrix, 2)
[[0.5, 1.0, 1.5], [2.0, 2.5, 3.0]]

>>> matrix_divided(matrix, -2)
[[-0.5, -1.0, -1.5], [-2.0, -2.5, -3.0]]

>>> matrix_divided(matrix, 0.5)
[[2.0, 4.0, 6.0], [8.0, 10.0, 12.0]]

Incorrect uses

>>> matrix = [[1, 2, 3], [4, 5, 6]]

>>> matrix_divided(matrix, "World")
Traceback (most recent call last):
    ...
TypeError: div must be a number

>>> matrix_divided(matrix, 0)
Traceback (most recent call last):
    ...
ZeroDivisionError: division by zero

>>> matrix = [[1, 2], [3, 4, 5], [7]]

>>> matrix_divided(matrix, 2)
Traceback (most recent call last):
    ...
TypeError: Each row of the matrix must have the same size

>>> matrix = [[1, "2"], [3, 4]]

>>> matrix_divided(matrix, 2)
Traceback (most recent call last):
    ...
TypeError: matrix must be a matrix (list of lists) of integers/floats

>>> matrix_divided(matrix)
Traceback (most recent call last):
    ...
TypeError: matrix_divided() missing 1 required positional argument: 'div'

>>> matrix_divided()
Traceback (most recent call last):
    ...
TypeError: matrix_divided() missing 2 required positional argument: 'matrix' and 'div